[index-2.html]
[backblue.gif]
[fade.gif]
[index.html]
[wp-content/plugins/super-socializer/images/logo.png]
[comments/feed/index.html]
[wp-content/uploads/2017/09/Gunung-Krakatau-300x134.16.delayed]
[index-2.html]
[wp-admin/admin-ajax.html]
[wp-content/themes/showcase-pro/style20b9.css]
[wp-includes/css/dist/block-library/style.minfee8.css]
[wp-includes/js/jquery/jquery-migrate.min330a.js]
[wp-content/plugins/livemesh-siteorigin-widgets/assets/css/animate9776.css]
[wp-content/plugins/livemesh-siteorigin-widgets/assets/css/lsow-frontend9776.css]
[wp-content/plugins/revslider/public/assets/js/jquery.themepunch.revolution.min7661.js]
[wp-content/plugins/livemesh-siteorigin-widgets/assets/css/icomoon9776.css]
[wp-content/plugins/revslider/public/assets/css/settings7661.css]
[wp-content/plugins/widgets-for-siteorigin/css/defaults1159.css]
[wp-content/themes/showcase-pro/js/global20b9.js]
[wp-content/themes/showcase-pro/js/jquery.bxslider.min20b9.js]
[wp-content/themes/showcase-pro/js/responsive-menu20b9.js]
[ionicons/2.0.1/css/ionicons.min20b9.css]
[wp-content/themes/showcase-pro/css/bxsliderfee8.css]
[wp-includes/wlwmanifest.xml]
[wp-content/plugins/super-socializer/css/frontaaa0.css]
[xmlrpc0db0.php]
[wp-content/plugins/super-socializer/css/share-svgaaa0.css]
[wp-json/index.html]
[wp-json/oembed/1.0/embed61fe.json]
[wp-content/uploads/2017/04/Tugu_Siger.jpg]
[wp-content/plugins/tablepress/css/default.min2c00.css]
[wp-content/themes/showcase-pro/style-front20b9.css]
[pesan-tiket/index.html]
[tentang-kami/index.html]
[harga-tiket-2/index.html]
[customer-service/index.html]
[menikmati-perjalanan-travel-lampung-dokari-tranz/index.html]
[xmlrpc.php]
[armada-mobil/index.html]
[cara-pesan-tiket-travel-lampung-di-dokari-tranz/index.html]
[kenapa-pp-jakarta-lampung-dengan-dokari-tranz/index.html]
[wp-content/uploads/2017/09/waykambastrek21-300x158.jpg]
[wp-content/uploads/2017/09/Pantai-Pasir-Putih-300x199-300x199.jpg]
[wp-content/uploads/2017/09/Teluk-Kiluan-300x198-300x198.jpg]
[promo/index.html]
[harga-tiket-2/index.html]
[pesan-tiket/index.html]
[tentang-kami/index.html]
[customer-service/index.html]
[wp-content/uploads/2017/09/copyscape-banner-white-200x25.png]
[wp-content/uploads/2017/09/bg2.png]
[wp-content/uploads/2017/09/5__Menara_Siger_mengadaptasi_bentuk_dari_mahkota_pernikahan_khas_Lampung-300x200.jpg]
[wp-login.html]
[cara-pesan-tiket-travel-lampung-di-dokari-tranz/index.html]
[armada-mobil/index.html]
[menikmati-perjalanan-travel-lampung-dokari-tranz/index.html]
[kenapa-pp-jakarta-lampung-dengan-dokari-tranz/index.html]
[promo/index.html]
[wp-content/uploads/2017/09/Gunung-Krakatau-300x134.html]
[wp-login.html]
[wp-content/plugins/siteorigin-panels/css/front-flex.min784c.css]
[wp-content/plugins/livemesh-siteorigin-widgets/assets/js/lsow-frontend.min9776.js]
[wp-content/plugins/livemesh-siteorigin-widgets/assets/js/jquery.waypoints.min9776.js]
[wp-includes/js/hoverIntent.minc245.js]
[wp-content/uploads/siteorigin-widgets/sow-features-default-38a4833f0063fee8.css]
[wp-content/plugins/so-widgets-bundle/widgets/features/css/style84c3.css]
[wp-content/plugins/so-widgets-bundle/icons/fontawesome/stylefee8.css]
[wp-content/themes/genesis/lib/js/skip-links.minf71b.js]
[wp-content/uploads/siteorigin-widgets/sow-headline-default-16230a9eae00fee8.css]
[wp-includes/js/wp-embed.minfee8.js]
[wp-content/uploads/siteorigin-widgets/sow-headline-default-af7766ede080fee8.css]
[wp-content/plugins/livemesh-siteorigin-widgets/includes/widgets/lsow-accordion-widget/css/style84c3.css]
[wp-content/uploads/siteorigin-widgets/sow-headline-default-11604e3535f2fee8.css]
[wp-content/plugins/siteorigin-panels/js/siteorigin-parallax.min784c.js]
[wp-content/uploads/siteorigin-widgets/sow-price-table-atom-0fdabfedb775fee8.css]
[wp-content/plugins/livemesh-siteorigin-widgets/includes/widgets/lsow-button-widget/css/style9776.css]
[wp-content/uploads/siteorigin-widgets/sow-social-media-buttons-flat-b7ca40d5361bfee8.css]
[wp-content/plugins/livemesh-siteorigin-widgets/assets/css/ajax-loader.gif]
[wp-content/plugins/livemesh-siteorigin-widgets/assets/css/fonts/icomoon/icomoon91e8.ttf]
[wp-content/plugins/livemesh-siteorigin-widgets/assets/css/fonts/icomoon/icomoon91e8.woff]
[wp-content/plugins/revslider/public/assets/fonts/revicons/revicons90c6.woff]
[wp-content/plugins/revslider/public/assets/fonts/revicons/revicons90c6.ttf]
[wp-content/plugins/revslider/public/assets/css/openhand.cur]
[wp-content/plugins/livemesh-siteorigin-widgets/assets/css/fonts/icomoon/icomoon91e8.svg]
[wp-content/plugins/revslider/public/assets/fonts/revicons/revicons90c6.svg]
[wp-content/plugins/revslider/public/assets/css/closedhand.cur]
[wp-content/plugins/revslider/public/assets/assets/gridtile_3x3_white.png]
[wp-content/plugins/revslider/public/assets/assets/coloredbg.png]
[wp-content/plugins/revslider/public/assets/assets/loader.gif]
[wp-content/plugins/super-socializer/images/transparent_bg.png]
[wp-content/themes/showcase-pro/css/images/bx_loader.html]
[wp-content/themes/showcase-pro/css/images/bx_loader.html]
[wp-content/themes/showcase-pro/css/images/controls.html]
[wp-content/plugins/tablepress/css/tablepress.eot]
[wp-content/themes/showcase-pro/css/images/controls.html]
[wp-content/plugins/tablepress/css/tablepressd41d.eot]
[wp-content/plugins/livemesh-siteorigin-widgets/includes/widgets/lsow-pricing-table-widget/css/style84c3.css]
[wp-content/uploads/siteorigin-widgets/sow-headline-default-8b8fcac18744fee8.css]
[wp-content/plugins/codelights-shortcodes-and-widgets/css/cl-coread05.css]
[wp-content/plugins/codelights-shortcodes-and-widgets/css/cl-popupad05.css]
[wp-content/plugins/codelights-shortcodes-and-widgets/js/cl-popupad05.js]
[index2dc8.html]
[wp-json/oembed/1.0/embed0bd8.json]
[wp-content/uploads/2017/04/cropped-logo_cube-300x86.png]
[wp-json/oembed/1.0/embedf74f.json]
[index4170.html]
[wp-content/uploads/siteorigin-widgets/lsow-tabs-default-66fe3d72d884fee8.css]
[wp-json/oembed/1.0/embed5e74.json]
[wp-content/plugins/livemesh-siteorigin-widgets/includes/widgets/lsow-tabs-widget/css/style84c3.css]
[indexcbb6.html]
[cara-pesan-tiket-travel-lampung-di-dokari-tranz/feed/index.html]
[wp-json/oembed/1.0/embedffb3.json]
[wp-content/uploads/siteorigin-widgets/sow-headline-default-dceee75927e2fee8.css]
[wp-includes/js/comment-reply.minfee8.js]
[wp-content/plugins/so-widgets-bundle/widgets/google-map/css/style84c3.css]
[wp-json/oembed/1.0/embed72eb.json]
[armada-mobil/feed/index.html]
[indexb93f.html]
[wp-content/uploads/2017/04/IMG-20170416-WA0024-300x169.jpg]
[category/uncategorized/index.html]
[wp-content/uploads/2017/04/IMG-20170416-WA0019-300x300.jpg]
[index9076.html]
[wp-json/oembed/1.0/embeda999.json]
[wp-content/uploads/2017/04/IMG-20170416-WA0020-300x169.jpg]
[category/uncategorized/index.html]
[wp-content/uploads/2017/04/IMG-20170416-WA0029.jpg]
[wp-content/uploads/2017/04/IMG_20161021_213744-1-300x225.jpg]
[index9873.html]
[wp-content/uploads/2017/04/IMG-20170416-WA0018-300x300.jpg]
[wp-content/uploads/2017/04/IMG-20170416-WA0027-300x112.jpg]
[wp-content/uploads/2017/04/IMG-20170417-WA0005-300x300.jpg]
[wp-content/uploads/2017/04/IMG-20170416-WA0022-300x300.jpg]
[wp-content/uploads/2017/04/IMG-20170416-WA0017-300x169.jpg]
[wp-content/uploads/2017/04/IMG-20170416-WA0015-300x300.jpg]
[wp-content/uploads/2017/04/IMG-20170417-WA0004-300x225.jpg]
[wp-content/uploads/2017/04/IMG-20170416-WA0016-300x169.jpg]
[wp-content/uploads/2017/04/IMG-20170416-WA0025-300x169.jpg]
[wp-content/uploads/2017/09/lampung.jpg]
[menikmati-perjalanan-travel-lampung-dokari-tranz/feed/index.html]
[wp-content/uploads/2017/09/lampung-300x225.jpg]
[indexc094.html]
[wp-json/oembed/1.0/embed5c46.json]
[category/travel-jakarta/index.html]
[category/travel-jakarta/index.html]
[category/travel-lampung/index.html]
[tag/agen-travel-lampung/index.html]
[category/travel-lampung/index.html]
[tag/agen-travel-lampung-murah/index.html]
[tag/agen-travel-mobil-lampung/index.html]
[tag/mobil-travel/index.html]
[tag/agen-travel-lampung/index.html]
[tag/travel-jakarta-lampung/index.html]
[tag/travel-jakarta-lampung-pp/index.html]
[tag/agen-travel-lampung-murah/index.html]
[tag/travel-jalur-darat/index.html]
[tag/travel-murah-di-jakarta-ke-lampung/index.html]
[tag/agen-travel-mobil-lampung/index.html]
[tag/travel-murah-jakarta-lampung/index.html]
[tag/travel-murah-lampung/index.html]
[tag/mobil-travel/index.html]
[kenapa-pp-jakarta-lampung-dengan-dokari-tranz/feed/index.html]
[wp-json/oembed/1.0/embed37a0.json]
[tag/travel-jakarta-lampung/index.html]
[category/travel-palembang/index.html]
[tag/travel-jakarta-lampung-pp/index.html]
[promo/feed/index.html]
[tag/travel-jalur-darat/index.html]
[tag/travel-lampung/index.html]
[tag/travel-lampung-murah/index.html]
[tag/travel-murah-di-jakarta-ke-lampung/index.html]
[wp-json/oembed/1.0/embedb698.json]
[tag/travel-murah-jakarta-lampung/index.html]
[tag/travel-murah-lampung/index.html]
[indexd7c9.html]
[category/travel-palembang/index.html]
[category/promo/index.html]
[tag/travel-jawa-sumatera/index.html]
[form-pendaftaran-promo-jalan-jalan-gratis/index.html]
[tag/travel-lampung/index.html]
[tag/travel-lampung-murah/index.html]
[wp-content/plugins/so-widgets-bundle/widgets/features/css/fonts/feature-background.woff]
[index198a.html]
[category/promo/index.html]
[wp-loginc2b6.html]
[wp-content/plugins/so-widgets-bundle/widgets/features/css/fonts/feature-background.ttf]
[form-pendaftaran-promo-jalan-jalan-gratis/index.html]
[tag/travel-jawa-sumatera/index.html]
[wp-content/uploads/siteorigin-widgets/sow-button-atom-4a75a8acc3b6fee8.css]
[wp-content/plugins/so-widgets-bundle/widgets/button/css/style84c3.css]
[wp-content/plugins/so-widgets-bundle/icons/fontawesome/webfonts/fa-brands-400d41d.eot]
[wp-content/plugins/so-widgets-bundle/icons/fontawesome/webfonts/fa-brands-400.woff2]
[wp-content/plugins/so-widgets-bundle/icons/fontawesome/webfonts/fa-brands-400.woff]
[wp-content/plugins/so-widgets-bundle/icons/fontawesome/webfonts/fa-brands-400.ttf]
[wp-includes/css/dashicons.minfee8.css]
[wp-includes/css/buttons.minfee8.css]
[wp-admin/css/forms.minfee8.css]
[wp-content/plugins/so-widgets-bundle/icons/fontawesome/webfonts/fa-regular-400.eot]
[wp-content/plugins/so-widgets-bundle/icons/fontawesome/webfonts/fa-regular-400d41d.eot]
[wp-content/plugins/so-widgets-bundle/icons/fontawesome/webfonts/fa-regular-400.woff2]
[wp-admin/css/l10n.minfee8.css]
[wp-content/plugins/so-widgets-bundle/icons/fontawesome/webfonts/fa-regular-400.woff]
[wp-admin/css/login.minfee8.css]
[wp-loginc2b6.html]
[wp-content/plugins/so-widgets-bundle/icons/fontawesome/webfonts/fa-regular-400.ttf]
[wp-content/plugins/so-widgets-bundle/icons/fontawesome/webfonts/fa-solid-900.eot]
[wp-content/plugins/so-widgets-bundle/icons/fontawesome/webfonts/fa-solid-900d41d.eot]
[wp-content/plugins/so-widgets-bundle/widgets/features/css/fonts/feature-background.svg]
[wp-content/plugins/so-widgets-bundle/icons/fontawesome/webfonts/fa-solid-900.woff2]
[wp-content/plugins/so-widgets-bundle/icons/fontawesome/webfonts/fa-solid-900.ttf]
[wp-content/plugins/so-widgets-bundle/icons/fontawesome/webfonts/fa-solid-900.woff]
[wp-content/uploads/2017/04/IMG-20170417-WA0004-800x500.jpg]
[wp-content/plugins/so-widgets-bundle/icons/fontawesome/webfonts/fa-brands-400.svg]
[wp-content/uploads/2017/09/lampung-900x500.jpg]
[wp-content/plugins/so-widgets-bundle/icons/fontawesome/webfonts/fa-regular-400.svg]
[category/travel-jakarta/page/2/index.html]
[category/travel-lampung/page/2/index.html]
[travel-agent-jakarta-lampung/index.html]
[tag/travel-jakarta-lampung-pp/page/2/index.html]
[wp-content/plugins/so-widgets-bundle/icons/fontawesome/webfonts/fa-solid-900.svg]
[category/travel-jakarta/page/2/index.html]
[category/travel-lampung/page/2/index.html]
[wp-json/oembed/1.0/embed0cda.json]
[wp-admin/images/w-logo-blue7a53.png]
[travel-agent-jakarta-lampung/index.html]
[tag/travel-jakarta-lampung-pp/page/2/index.html]
[index153d.html]
[wp-admin/images/wordpress-logo7d6b.svg]
[wp-json/oembed/1.0/embed6799.json]
[travel-agent-jakarta-lampung/feed/index.html]
[index94b0.html]
[tag/agen-travel-jakarta-lampung/index.html]
[tag/agen-travel-jakarta-lampung/index.html]
[index-3.html]
