[dokari.co.id/index.html]
[backblue.gif]
[fade.gif]
[index.html]
[dokari.co.id/wp-content/plugins/super-socializer/images/close.png]
[dokari.co.id/wp-content/plugins/super-socializer/images/logo.png]
[dokari.co.id/feed/index.html]
[dokari.co.id/comments/feed/index.html]
[code.ionicframework.com/ionicons/2.0.1/css/ionicons.min20b9.css]
[dokari.co.id/wp-includes/js/jquery/jqueryb8ff.js]
[dokari.co.id/wp-includes/js/jquery/jquery-migrate.min330a.js]
[dokari.co.id/wp-content/plugins/revslider/public/assets/js/jquery.themepunch.tools.min7661.js]
[dokari.co.id/wp-content/plugins/revslider/public/assets/js/jquery.themepunch.revolution.min7661.js]
[dokari.co.id/wp-content/themes/showcase-pro/js/jquery.fitvids20b9.js]
[dokari.co.id/wp-content/themes/showcase-pro/js/global20b9.js]
[dokari.co.id/wp-content/themes/showcase-pro/js/responsive-menu20b9.js]
[dokari.co.id/wp-content/themes/showcase-pro/js/jquery.bxslider.min20b9.js]
[dokari.co.id/xmlrpc0db0.php]
[dokari.co.id/wp-includes/wlwmanifest.xml]
[dokari.co.id/wp-json/index.html]
[dokari.co.id/wp-json/oembed/1.0/embed61fe.json]
[dokari.co.id/wp-content/themes/genesis/images/favicon.ico]
[dokaricoid-on.cloud.revoluz.io/wp-content/uploads/2017/04/cropped-logo_cube.png]
[dokaricoid-on.cloud.revoluz.io/wp-content/uploads/2017/04/Tugu_Siger.jpg]
[dokari.co.id/wp-content/plugins/revslider/admin/assets/images/dummy.png]
[dokaricoid-on.cloud.revoluz.io/wp-content/uploads/2017/09/waykambastrek21-300x158.jpg]
[dokari.co.id/harga-tiket-2/index.html]
[dokaricoid-on.cloud.revoluz.io/wp-content/uploads/2017/09/Pantai-Pasir-Putih-300x199-300x199.jpg]
[dokari.co.id/pesan-tiket/index.html]
[dokaricoid-on.cloud.revoluz.io/wp-content/uploads/2017/09/Teluk-Kiluan-300x198-300x198.jpg]
[dokari.co.id/tentang-kami/index.html]
[dokaricoid-on.cloud.revoluz.io/wp-content/uploads/2017/09/5__Menara_Siger_mengadaptasi_bentuk_dari_mahkota_pernikahan_khas_Lampung-300x200.jpg]
[dokari.co.id/customer-service/index.html]
[dokari.co.id/cara-pesan-tiket-travel-lampung-di-dokari-tranz/index.html]
[dokaricoid-on.cloud.revoluz.io/wp-content/uploads/2017/09/Gunung-Krakatau-300x134.24.delayed]
[dokari.co.id/menikmati-perjalanan-travel-lampung-dokari-tranz/index.html]
[dokari.co.id/armada-mobil/index.html]
[dokari.co.id/kenapa-pp-jakarta-lampung-dengan-dokari-tranz/index.html]
[dokaricoid-on.cloud.revoluz.io/wp-content/uploads/2017/09/copyscape-banner-white-200x25.png]
[dokari.co.id/wp-login.html]
[dokari.co.id/wp-content/uploads/2017/09/bg2.png]
[dokari.co.id/promo/index.html]
[dokari.co.id/wp-content/plugins/livemesh-siteorigin-widgets/assets/js/modernizr-custom.min9776.js]
[dokari.co.id/wp-content/plugins/livemesh-siteorigin-widgets/assets/js/jquery.waypoints.min9776.js]
[dokari.co.id/wp-content/plugins/livemesh-siteorigin-widgets/assets/js/lsow-frontend.min9776.js]
[dokari.co.id/wp-includes/js/hoverIntent.minc245.js]
[dokari.co.id/wp-content/themes/genesis/lib/js/menu/superfish.min93f6.js]
[dokari.co.id/wp-content/themes/genesis/lib/js/menu/superfish.args.minf71b.js]
[dokari.co.id/wp-content/themes/genesis/lib/js/skip-links.minf71b.js]
[dokari.co.id/wp-content/plugins/super-socializer/js/front/combinedaaa0.js]
[dokari.co.id/wp-includes/js/wp-embed.minfee8.js]
[dokari.co.id/wp-content/plugins/siteorigin-panels/js/styling-2102.min784c.js]
[dokari.co.id/wp-content/plugins/tablepress/js/jquery.datatables.min2c00.js]
[dokari.co.id/wp-content/plugins/siteorigin-panels/js/siteorigin-parallax.min784c.js]
[dokari.co.id/wp-content/plugins/livemesh-siteorigin-widgets/includes/widgets/lsow-accordion-widget/js/accordion.min84c3.js]
[dokari.co.id/wp-content/plugins/so-widgets-bundle/widgets/price-table/js/pricetable.min84c3.js]
[dokari.co.id/index.html]
[dokari.co.id/wp-admin/admin-ajax.html]
[dokari.co.id/wp-content/themes/showcase-pro/style20b9.css]
[dokari.co.id/wp-includes/css/dist/block-library/style.minfee8.css]
[dokari.co.id/wp-content/plugins/livemesh-siteorigin-widgets/assets/css/animate9776.css]
[dokari.co.id/wp-content/plugins/livemesh-siteorigin-widgets/assets/css/ajax-loader.gif]
[dokari.co.id/wp-content/plugins/livemesh-siteorigin-widgets/assets/css/lsow-frontend9776.css]
[dokari.co.id/wp-content/plugins/livemesh-siteorigin-widgets/assets/css/fonts/icomoon/icomoon91e8.eot]
[dokari.co.id/wp-content/plugins/livemesh-siteorigin-widgets/assets/css/fonts/icomoon/icomoon91e8.ttf]
[dokari.co.id/wp-content/plugins/livemesh-siteorigin-widgets/assets/css/fonts/icomoon/icomoon91e8.woff]
[dokari.co.id/wp-content/plugins/livemesh-siteorigin-widgets/assets/css/icomoon9776.css]
[dokari.co.id/wp-content/plugins/revslider/public/assets/fonts/revicons/revicons90c6.eot]
[dokari.co.id/wp-content/plugins/revslider/public/assets/fonts/revicons/revicons90c6.woff]
[dokari.co.id/wp-content/plugins/revslider/public/assets/fonts/revicons/revicons90c6.ttf]
[dokari.co.id/wp-content/plugins/revslider/public/assets/css/openhand.cur]
[dokari.co.id/wp-content/plugins/revslider/public/assets/css/closedhand.cur]
[dokari.co.id/wp-content/plugins/revslider/public/assets/assets/gridtile.png]
[dokari.co.id/wp-content/plugins/revslider/public/assets/assets/gridtile_white.png]
[dokari.co.id/wp-content/plugins/revslider/public/assets/assets/gridtile_3x3.png]
[dokari.co.id/wp-content/plugins/revslider/public/assets/assets/gridtile_3x3_white.png]
[dokari.co.id/wp-content/plugins/revslider/public/assets/assets/coloredbg.png]
[dokari.co.id/wp-content/plugins/revslider/public/assets/assets/loader.gif]
[dokari.co.id/wp-content/plugins/revslider/public/assets/css/settings7661.css]
[dokari.co.id/wp-content/plugins/widgets-for-siteorigin/css/defaults1159.css]
[code.ionicframework.com/ionicons/2.0.1/css/ionicons.min20b9.css]
[dokari.co.id/wp-content/themes/showcase-pro/css/images/bx_loader.gif]
[dokari.co.id/wp-content/themes/showcase-pro/css/images/controls.png]
[dokari.co.id/wp-content/themes/showcase-pro/css/bxsliderfee8.css]
[dokari.co.id/wp-content/plugins/super-socializer/images/transparent_bg.png]
[dokari.co.id/wp-content/plugins/super-socializer/images/login/login.png]
[dokari.co.id/wp-content/plugins/super-socializer/css/frontaaa0.css]
[dokari.co.id/wp-content/plugins/super-socializer/css/share-svgaaa0.css]
[dokari.co.id/wp-content/plugins/tablepress/css/tablepress.eot]
[dokari.co.id/wp-content/plugins/tablepress/css/tablepressd41d.eot]
[dokari.co.id/wp-content/plugins/tablepress/css/default.min2c00.css]
[dokari.co.id/wp-content/themes/showcase-pro/style-front20b9.css]
[dokari.co.id/xmlrpc.php]
[dokari.co.id/wp-json/oembed/1.0/embed0bd8.json]
[assets.pinterest.com/js/pinmarklet2a3b.js]
[dokari.co.id/wp-content/plugins/codelights-shortcodes-and-widgets/js/cl-coread05.js]
[dokari.co.id/wp-content/plugins/codelights-shortcodes-and-widgets/js/cl-popupad05.js]
[dokari.co.id/harga-tiket-2/index.html]
[dokari.co.id/wp-json/oembed/1.0/embedf74f.json]
[dokari.co.id/wp-content/plugins/livemesh-siteorigin-widgets/includes/widgets/lsow-tabs-widget/js/tabs.min84c3.js]
[dokari.co.id/pesan-tiket/index.html]
[dokari.co.id/wp-json/oembed/1.0/embed5e74.json]
[dokaricoid-on.cloud.revoluz.io/wp-content/uploads/2017/04/cropped-logo_cube-300x86.png]
[dokari.co.id/tentang-kami/index.html]
[dokari.co.id/wp-content/plugins/so-widgets-bundle/js/sow.google-map.min84c3.js]
[dokari.co.id/wp-json/oembed/1.0/embedffb3.json]
[dokari.co.id/customer-service/index.html]
[dokari.co.id/cara-pesan-tiket-travel-lampung-di-dokari-tranz/feed/index.html]
[dokari.co.id/wp-json/oembed/1.0/embed72eb.json]
[dokari.co.id/wp-includes/js/comment-reply.minfee8.js]
[dokari.co.id/cara-pesan-tiket-travel-lampung-di-dokari-tranz/index.html]
[dokari.co.id/armada-mobil/feed/index.html]
[dokari.co.id/wp-json/oembed/1.0/embeda999.json]
[dokaricoid-on.cloud.revoluz.io/wp-content/uploads/2017/04/IMG-20170416-WA0024-300x169.jpg]
[dokari.co.id/category/uncategorized/index.html]
[dokaricoid-on.cloud.revoluz.io/wp-content/uploads/2017/04/IMG-20170416-WA0019-300x300.jpg]
[dokaricoid-on.cloud.revoluz.io/wp-content/uploads/2017/04/IMG-20170416-WA0020-300x169.jpg]
[dokaricoid-on.cloud.revoluz.io/wp-content/uploads/2017/04/IMG-20170416-WA0029.jpg]
[dokaricoid-on.cloud.revoluz.io/wp-content/uploads/2017/04/IMG_20161021_213744-1-300x225.jpg]
[dokaricoid-on.cloud.revoluz.io/wp-content/uploads/2017/04/IMG-20170416-WA0018-300x300.jpg]
[dokaricoid-on.cloud.revoluz.io/wp-content/uploads/2017/04/IMG-20170416-WA0027-300x112.jpg]
[dokaricoid-on.cloud.revoluz.io/wp-content/uploads/2017/04/IMG-20170416-WA0022-300x300.jpg]
[dokaricoid-on.cloud.revoluz.io/wp-content/uploads/2017/04/IMG-20170417-WA0005-300x300.jpg]
[dokaricoid-on.cloud.revoluz.io/wp-content/uploads/2017/04/IMG-20170416-WA0015-300x300.jpg]
[dokaricoid-on.cloud.revoluz.io/wp-content/uploads/2017/04/IMG-20170416-WA0017-300x169.jpg]
[dokaricoid-on.cloud.revoluz.io/wp-content/uploads/2017/04/IMG-20170416-WA0016-300x169.jpg]
[dokaricoid-on.cloud.revoluz.io/wp-content/uploads/2017/04/IMG-20170417-WA0004-300x225.jpg]
[dokaricoid-on.cloud.revoluz.io/wp-content/uploads/2017/04/IMG-20170416-WA0025-300x169.jpg]
[dokari.co.id/armada-mobil/index.html]
[dokari.co.id/menikmati-perjalanan-travel-lampung-dokari-tranz/feed/index.html]
[dokari.co.id/wp-json/oembed/1.0/embed5c46.json]
[dokari.co.id/wp-content/uploads/2017/09/lampung.jpg]
[dokaricoid-on.cloud.revoluz.io/wp-content/uploads/2017/09/lampung-300x225.jpg]
[dokari.co.id/menikmati-perjalanan-travel-lampung-dokari-tranz/index.html]
[dokari.co.id/wp-json/oembed/1.0/embed37a0.json]
[dokari.co.id/kenapa-pp-jakarta-lampung-dengan-dokari-tranz/index.html]
[dokari.co.id/category/travel-lampung/index.html]
[dokari.co.id/category/travel-jakarta/index.html]
[dokari.co.id/tag/agen-travel-lampung/index.html]
[dokari.co.id/tag/agen-travel-lampung-murah/index.html]
[dokari.co.id/tag/agen-travel-mobil-lampung/index.html]
[dokari.co.id/tag/mobil-travel/index.html]
[dokari.co.id/wp-json/oembed/1.0/embedb698.json]
[dokari.co.id/tag/travel-jakarta-lampung/index.html]
[dokari.co.id/tag/travel-jakarta-lampung-pp/index.html]
[dokari.co.id/promo/index.html]
[dokari.co.id/tag/travel-murah-di-jakarta-ke-lampung/index.html]
[dokari.co.id/tag/travel-jalur-darat/index.html]
[dokari.co.id/tag/travel-murah-jakarta-lampung/index.html]
[dokaricoid-on.cloud.revoluz.io/wp-content/uploads/2017/09/Gunung-Krakatau-300x134.html]
[dokari.co.id/kenapa-pp-jakarta-lampung-dengan-dokari-tranz/feed/index.html]
[dokari.co.id/tag/travel-murah-lampung/index.html]
[dokari.co.id/category/travel-palembang/index.html]
[dokari.co.id/tag/travel-lampung/index.html]
[dokari.co.id/promo/feed/index.html]
[dokari.co.id/tag/travel-lampung-murah/index.html]
[dokari.co.id/wp-loginc2b6.html]
[dokari.co.id/wp-login.html]
[dokari.co.id/wp-content/plugins/siteorigin-panels/css/front-flex.min784c.css]
[dokari.co.id/wp-content/uploads/siteorigin-widgets/sow-features-default-38a4833f0063fee8.css]
[dokari.co.id/category/promo/index.html]
[dokari.co.id/wp-content/plugins/so-widgets-bundle/widgets/features/css/fonts/feature-background.eot]
[dokari.co.id/tag/travel-jawa-sumatera/index.html]
[dokari.co.id/form-pendaftaran-promo-jalan-jalan-gratis/index.html]
[dokari.co.id/wp-content/plugins/so-widgets-bundle/widgets/features/css/fonts/feature-background.woff]
[dokari.co.id/wp-content/plugins/so-widgets-bundle/widgets/features/css/fonts/feature-background.ttf]
[dokari.co.id/wp-content/plugins/so-widgets-bundle/widgets/features/css/style84c3.css]
[dokari.co.id/wp-content/plugins/so-widgets-bundle/icons/fontawesome/webfonts/fa-brands-400.eot]
[dokari.co.id/wp-content/plugins/so-widgets-bundle/icons/fontawesome/webfonts/fa-brands-400.woff2]
[dokari.co.id/wp-content/plugins/so-widgets-bundle/icons/fontawesome/webfonts/fa-brands-400d41d.eot]
[dokari.co.id/wp-content/plugins/so-widgets-bundle/icons/fontawesome/webfonts/fa-brands-400.woff]
[dokari.co.id/wp-content/plugins/so-widgets-bundle/icons/fontawesome/webfonts/fa-brands-400.ttf]
[dokari.co.id/wp-content/plugins/so-widgets-bundle/icons/fontawesome/webfonts/fa-regular-400.eot]
[dokari.co.id/wp-content/plugins/so-widgets-bundle/icons/fontawesome/webfonts/fa-regular-400.woff2]
[dokari.co.id/wp-content/plugins/so-widgets-bundle/icons/fontawesome/webfonts/fa-regular-400d41d.eot]
[dokari.co.id/wp-content/plugins/so-widgets-bundle/icons/fontawesome/webfonts/fa-regular-400.woff]
[dokari.co.id/wp-content/plugins/so-widgets-bundle/icons/fontawesome/webfonts/fa-regular-400.ttf]
[dokari.co.id/wp-content/plugins/so-widgets-bundle/icons/fontawesome/webfonts/fa-solid-900.eot]
[dokari.co.id/wp-content/plugins/so-widgets-bundle/icons/fontawesome/webfonts/fa-solid-900.woff2]
[dokari.co.id/wp-content/plugins/so-widgets-bundle/icons/fontawesome/webfonts/fa-solid-900d41d.eot]
[dokari.co.id/wp-content/plugins/so-widgets-bundle/icons/fontawesome/webfonts/fa-solid-900.woff]
[dokari.co.id/wp-content/plugins/so-widgets-bundle/icons/fontawesome/webfonts/fa-solid-900.ttf]
[dokari.co.id/wp-content/plugins/so-widgets-bundle/icons/fontawesome/stylefee8.css]
[dokari.co.id/wp-content/uploads/siteorigin-widgets/sow-headline-default-16230a9eae00fee8.css]
[dokari.co.id/wp-content/uploads/siteorigin-widgets/sow-headline-default-af7766ede080fee8.css]
[dokari.co.id/wp-content/plugins/livemesh-siteorigin-widgets/includes/widgets/lsow-accordion-widget/css/style84c3.css]
[dokari.co.id/wp-content/uploads/siteorigin-widgets/sow-headline-default-11604e3535f2fee8.css]
[dokari.co.id/wp-content/uploads/siteorigin-widgets/sow-price-table-atom-0fdabfedb775fee8.css]
[dokari.co.id/wp-content/plugins/livemesh-siteorigin-widgets/includes/widgets/lsow-button-widget/css/style9776.css]
[dokari.co.id/wp-content/uploads/siteorigin-widgets/sow-social-media-buttons-flat-b7ca40d5361bfee8.css]
[dokari.co.id/wp-content/plugins/livemesh-siteorigin-widgets/assets/css/fonts/icomoon/icomoon91e8.svg]
[dokari.co.id/wp-content/plugins/revslider/public/assets/fonts/revicons/revicons90c6.svg]
[dokari.co.id/wp-content/themes/showcase-pro/css/images/bx_loader.html]
[dokari.co.id/wp-content/themes/showcase-pro/css/images/controls.html]
[dokari.co.id/wp-content/plugins/livemesh-siteorigin-widgets/includes/widgets/lsow-pricing-table-widget/css/style84c3.css]
[dokari.co.id/wp-content/uploads/siteorigin-widgets/sow-headline-default-8b8fcac18744fee8.css]
[dokari.co.id/wp-content/plugins/codelights-shortcodes-and-widgets/css/cl-coread05.css]
[dokari.co.id/wp-content/plugins/codelights-shortcodes-and-widgets/css/cl-popupad05.css]
[dokari.co.id/index2dc8.html]
[dokari.co.id/index4170.html]
[dokari.co.id/wp-content/uploads/siteorigin-widgets/lsow-tabs-default-66fe3d72d884fee8.css]
[dokari.co.id/wp-content/plugins/livemesh-siteorigin-widgets/includes/widgets/lsow-tabs-widget/css/style84c3.css]
[dokari.co.id/indexcbb6.html]
[dokari.co.id/wp-content/uploads/siteorigin-widgets/sow-headline-default-dceee75927e2fee8.css]
[dokari.co.id/wp-content/plugins/so-widgets-bundle/widgets/google-map/css/style84c3.css]
[dokari.co.id/indexb93f.html]
[dokari.co.id/index9076.html]
[dokari.co.id/wp-content/uploads/2017/04/IMG-20170417-WA0004-800x500.jpg]
[dokari.co.id/category/uncategorized/index.html]
[dokari.co.id/category/uncategorized/feed/index.html]
[dokari.co.id/index9873.html]
[dokari.co.id/indexc094.html]
[dokari.co.id/wp-content/uploads/2017/09/lampung-900x500.jpg]
[dokari.co.id/category/travel-jakarta/index.html]
[dokari.co.id/category/travel-jakarta/page/2/index.html]
[dokari.co.id/category/travel-lampung/index.html]
[dokari.co.id/category/travel-jakarta/feed/index.html]
[dokari.co.id/tag/agen-travel-lampung/index.html]
[dokari.co.id/category/travel-lampung/page/2/index.html]
[dokari.co.id/tag/agen-travel-lampung-murah/index.html]
[dokari.co.id/category/travel-lampung/feed/index.html]
[dokari.co.id/tag/agen-travel-mobil-lampung/index.html]
[dokari.co.id/tag/agen-travel-lampung/feed/index.html]
[dokari.co.id/tag/mobil-travel/index.html]
[dokari.co.id/travel-agent-jakarta-lampung/index.html]
[dokari.co.id/tag/travel-jakarta-lampung/index.html]
[dokari.co.id/tag/agen-travel-lampung-murah/feed/index.html]
[dokari.co.id/tag/travel-jakarta-lampung-pp/index.html]
[dokari.co.id/tag/mobil-travel/feed/index.html]
[dokari.co.id/tag/agen-travel-mobil-lampung/feed/index.html]
[dokari.co.id/tag/travel-jalur-darat/index.html]
[dokari.co.id/tag/travel-jakarta-lampung/feed/index.html]
[dokari.co.id/tag/travel-murah-di-jakarta-ke-lampung/index.html]
[dokari.co.id/tag/travel-jakarta-lampung-pp/page/2/index.html]
[dokari.co.id/tag/travel-murah-jakarta-lampung/index.html]
[dokari.co.id/tag/travel-jalur-darat/feed/index.html]
[dokari.co.id/tag/travel-jakarta-lampung-pp/feed/index.html]
[dokari.co.id/tag/travel-murah-lampung/index.html]
[dokari.co.id/indexd7c9.html]
[dokari.co.id/category/travel-palembang/index.html]
[dokari.co.id/tag/travel-murah-di-jakarta-ke-lampung/feed/index.html]
[dokari.co.id/tag/travel-lampung/index.html]
[dokari.co.id/tag/travel-murah-jakarta-lampung/feed/index.html]
[dokari.co.id/tag/travel-lampung-murah/index.html]
[dokari.co.id/category/travel-palembang/feed/index.html]
[dokari.co.id/tag/travel-murah-lampung/feed/index.html]
[dokari.co.id/tag/travel-lampung/feed/index.html]
[dokari.co.id/index198a.html]
[dokari.co.id/category/promo/index.html]
[dokari.co.id/tag/travel-lampung-murah/feed/index.html]
[dokari.co.id/category/promo/feed/index.html]
[dokari.co.id/wp-json/oembed/1.0/embed0cda.json]
[dokari.co.id/form-pendaftaran-promo-jalan-jalan-gratis/index.html]
[dokari.co.id/tag/travel-jawa-sumatera/index.html]
[dokari.co.id/wp-content/uploads/siteorigin-widgets/sow-button-atom-4a75a8acc3b6fee8.css]
[dokari.co.id/wp-content/plugins/so-widgets-bundle/widgets/button/css/style84c3.css]
[dokari.co.id/wp-includes/fonts/dashicons.eot]
[dokari.co.id/wp-includes/css/dashicons.minfee8.css]
[dokari.co.id/wp-includes/css/buttons.minfee8.css]
[dokari.co.id/wp-admin/images/loading.gif]
[dokari.co.id/wp-admin/css/forms.minfee8.css]
[dokari.co.id/wp-admin/css/l10n.minfee8.css]
[dokari.co.id/tag/travel-jawa-sumatera/feed/index.html]
[dokari.co.id/wp-admin/images/w-logo-blue7a53.png]
[dokari.co.id/wp-admin/css/login.minfee8.css]
[dokari.co.id/wp-loginc2b6.html]
[dokari.co.id/wp-content/plugins/so-widgets-bundle/widgets/features/css/fonts/feature-background.svg]
[dokari.co.id/wp-content/plugins/so-widgets-bundle/icons/fontawesome/webfonts/fa-brands-400.svg]
[dokari.co.id/wp-content/plugins/so-widgets-bundle/icons/fontawesome/webfonts/fa-regular-400.svg]
[dokari.co.id/wp-content/plugins/so-widgets-bundle/icons/fontawesome/webfonts/fa-solid-900.svg]
[dokari.co.id/category/travel-jakarta/page/2/index.html]
[dokari.co.id/category/travel-lampung/page/2/index.html]
[dokari.co.id/wp-json/oembed/1.0/embed6799.json]
[dokari.co.id/travel-agent-jakarta-lampung/index.html]
[dokari.co.id/travel-agent-jakarta-lampung/feed/index.html]
[dokari.co.id/tag/travel-jakarta-lampung-pp/page/2/index.html]
[dokari.co.id/index153d.html]
[dokari.co.id/wp-admin/images/wordpress-logo7d6b.svg]
[dokari.co.id/index94b0.html]
[dokari.co.id/tag/agen-travel-jakarta-lampung/index.html]
[dokari.co.id/tag/agen-travel-jakarta-lampung/index.html]
[mymail.dokari.co.id/index.html]
[dokari.co.id/tag/agen-travel-jakarta-lampung/feed/index.html]
