[web/index.html]
[backblue.gif]
[fade.gif]
[index.html]
[web/images/gunung-krakatau-300x134.16.delayed]
[web/images/close.png]
[web/images/logo.png]
[web/index-2.html]
[web/index-3.html]
[web/index.html]
[web/admin-ajax.html]
[web/images/style20b9.css]
[web/images/style.minfee8.css]
[web/images/animate9776.css]
[web/images/lsow-frontend9776.css]
[web/images/icomoon9776.css]
[web/images/settings7661.css]
[web/images/defaults1159.css]
[web/images/jqueryb8ff.js]
[web/images/jquery-migrate.min330a.js]
[web/images/jquery.themepunch.tools.min7661.js]
[web/images/ionicons.min20b9.css]
[web/images/jquery.themepunch.revolution.min7661.js]
[web/images/jquery.fitvids20b9.js]
[web/images/bxsliderfee8.css]
[web/images/frontaaa0.css]
[web/images/global20b9.js]
[web/images/share-svgaaa0.css]
[web/images/responsive-menu20b9.js]
[web/images/default.min2c00.css]
[web/images/style-front20b9.css]
[web/images/wlwmanifest.xml]
[web/images/jquery.bxslider.min20b9.js]
[web/images/favicon.ico]
[web/images/xmlrpc0db0.php]
[web/index-4.html]
[web/images/embed61fe.json]
[web/images/cropped-logo_cube.png]
[web/images/tugu_siger.jpg]
[web/index-6.html]
[web/images/xmlrpc.php]
[web/index-5.html]
[web/images/dummy.png]
[web/index-5.html]
[web/index-7.html]
[web/index-8.html]
[web/index-9.html]
[web/index-11.html]
[web/index-12.html]
[web/index-6.html]
[web/images/pantai-pasir-putih-300x199-300x199.jpg]
[web/images/waykambastrek21-300x158.jpg]
[web/index-10.html]
[web/images/teluk-kiluan-300x198-300x198.jpg]
[web/index-7.html]
[web/images/5__menara_siger_mengadaptasi_bentuk_dari_mahkota_pernikahan_khas_lampung-300x200.jpg]
[web/images/copyscape-banner-white-200x25.png]
[web/index-13.html]
[web/index-8.html]
[web/index-9.html]
[web/index-10.html]
[web/images/bg2.png]
[web/index-11.html]
[web/wp-login.html]
[web/index-12.html]
[web/index-13.html]
[web/gunung-krakatau-300x134.html]
[web/wp-login.html]
[web/images/front-flex.min784c.css]
[web/images/modernizr-custom.min9776.js]
[web/images/jquery.waypoints.min9776.js]
[web/images/sow-features-default-38a4833f0063fee8.css]
[web/images/style84c3.css]
[web/images/lsow-frontend.min9776.js]
[web/images/stylefee8.css]
[web/images/hoverintent.minc245.js]
[web/images/sow-headline-default-16230a9eae00fee8.css]
[web/images/superfish.min93f6.js]
[web/images/sow-headline-default-af7766ede080fee8.css]
[web/images/superfish.args.minf71b.js]
[web/images/style84c3-2.css]
[web/images/skip-links.minf71b.js]
[web/images/sow-headline-default-11604e3535f2fee8.css]
[web/images/combinedaaa0.js]
[web/images/sow-price-table-atom-0fdabfedb775fee8.css]
[web/images/style9776.css]
[web/images/styling-2102.min784c.js]
[web/images/wp-embed.minfee8.js]
[web/images/jquery.datatables.min2c00.js]
[web/images/sow-social-media-buttons-flat-b7ca40d5361bfee8.css]
[web/images/siteorigin-parallax.min784c.js]
[web/images/accordion.min84c3.js]
[web/images/pricetable.min84c3.js]
[web/images/ajax-loader.gif]
[web/images/icomoon91e8.eot]
[web/images/icomoon91e8.woff]
[web/images/icomoon91e8.ttf]
[web/images/revicons90c6.eot]
[web/images/icomoon91e8.svg]
[web/images/revicons90c6.ttf]
[web/images/revicons90c6.woff]
[web/images/openhand.cur]
[web/images/revicons90c6.svg]
[web/images/gridtile.png]
[web/images/closedhand.cur]
[web/images/gridtile_3x3.png]
[web/images/gridtile_white.png]
[web/images/coloredbg.png]
[web/images/gridtile_3x3_white.png]
[web/images/loader.gif]
[web/bx_loader.html]
[web/bx_loader.html]
[web/images/transparent_bg.png]
[web/controls.html]
[web/controls.html]
[web/images/login.png]
[web/images/tablepress.eot]
[web/images/tablepressd41d.eot]
[web/images/style84c3-3.css]
[web/images/sow-headline-default-8b8fcac18744fee8.css]
[web/images/cl-coread05.css]
[web/images/cl-popupad05.css]
[web/images/pinmarklet2a3b.js]
[web/images/cl-coread05.js]
[web/images/cl-popupad05.js]
[web/index2dc8.html]
[web/images/embed0bd8.json]
[web/images/tabs.min84c3.js]
[web/index4170.html]
[web/images/cropped-logo_cube-300x86.png]
[web/images/embedf74f.json]
[web/images/lsow-tabs-default-66fe3d72d884fee8.css]
[web/images/embed5e74.json]
[web/images/sow.google-map.min84c3.js]
[web/images/style84c3-4.css]
[web/indexcbb6.html]
[web/index-15.html]
[web/images/embedffb3.json]
[web/images/sow-headline-default-dceee75927e2fee8.css]
[web/images/style84c3-5.css]
[web/images/comment-reply.minfee8.js]
[web/indexb93f.html]
[web/index-17.html]
[web/images/embed72eb.json]
[web/index9076.html]
[web/index-16.html]
[web/images/img-20170416-wa0024-300x169.jpg]
[web/images/img-20170416-wa0019-300x300.jpg]
[web/images/img-20170416-wa0020-300x169.jpg]
[web/index-16.html]
[web/images/embeda999.json]
[web/index9873.html]
[web/images/img-20170416-wa0029.jpg]
[web/images/img_20161021_213744-1-300x225.jpg]
[web/images/img-20170416-wa0027-300x112.jpg]
[web/images/img-20170416-wa0018-300x300.jpg]
[web/images/img-20170417-wa0005-300x300.jpg]
[web/images/img-20170416-wa0022-300x300.jpg]
[web/images/img-20170416-wa0017-300x169.jpg]
[web/images/img-20170416-wa0015-300x300.jpg]
[web/images/img-20170417-wa0004-300x225.jpg]
[web/images/img-20170416-wa0016-300x169.jpg]
[web/images/img-20170416-wa0025-300x169.jpg]
[web/images/lampung.jpg]
[web/index-18.html]
[web/images/lampung-300x225.jpg]
[web/indexc094.html]
[web/images/embed5c46.json]
[web/index-19.html]
[web/index-20.html]
[web/index-19.html]
[web/index-21.html]
[web/index-22.html]
[web/index-20.html]
[web/index-23.html]
[web/index-24.html]
[web/index-25.html]
[web/index-21.html]
[web/index-26.html]
[web/index-27.html]
[web/index-22.html]
[web/index-28.html]
[web/index-30.html]
[web/index-29.html]
[web/index-23.html]
[web/index-31.html]
[web/images/embed37a0.json]
[web/index-24.html]
[web/index-32.html]
[web/index-25.html]
[web/index-35.html]
[web/index-34.html]
[web/index-33.html]
[web/index-26.html]
[web/images/embedb698.json]
[web/index-27.html]
[web/index-36.html]
[web/index-28.html]
[web/index-37.html]
[web/index-38.html]
[web/index-29.html]
[web/index-30.html]
[web/indexd7c9.html]
[web/index-32.html]
[web/images/feature-background.eot]
[web/images/feature-background.woff]
[web/images/feature-background.ttf]
[web/index-33.html]
[web/images/fa-brands-400.eot]
[web/index-34.html]
[web/index198a.html]
[web/images/fa-brands-400d41d.eot]
[web/wp-loginc2b6.html]
[web/index-36.html]
[web/images/fa-brands-400.woff2]
[web/images/fa-brands-400.woff]
[web/index-37.html]
[web/index-38.html]
[web/images/sow-button-atom-4a75a8acc3b6fee8.css]
[web/images/fa-brands-400.ttf]
[web/images/fa-regular-400.eot]
[web/images/fa-regular-400d41d.eot]
[web/images/style84c3-6.css]
[web/images/fa-regular-400.woff2]
[web/images/fa-regular-400.woff]
[web/images/fa-regular-400.ttf]
[web/images/dashicons.minfee8.css]
[web/images/fa-solid-900.eot]
[web/images/buttons.minfee8.css]
[web/images/fa-solid-900d41d.eot]
[web/images/forms.minfee8.css]
[web/images/fa-solid-900.woff2]
[web/images/l10n.minfee8.css]
[web/images/fa-solid-900.woff]
[web/images/fa-solid-900.ttf]
[web/images/login.minfee8.css]
[web/wp-loginc2b6.html]
[web/images/img-20170417-wa0004-800x500.jpg]
[web/images/lampung-900x500.jpg]
[web/images/feature-background.svg]
[web/index-39.html]
[web/index-41.html]
[web/index-40.html]
[web/index-43.html]
[web/index-44.html]
[web/images/fa-brands-400.svg]
[web/index-42.html]
[web/images/fa-regular-400.svg]
[web/index-46.html]
[web/index-45.html]
[web/index-47.html]
[web/index-48.html]
[web/index-49.html]
[web/index-51.html]
[web/index-52.html]
[web/index-53.html]
[web/index-50.html]
[web/index-54.html]
[web/index-55.html]
[web/index-56.html]
[web/index-57.html]
[web/index-58.html]
[web/index-59.html]
[web/images/dashicons.eot]
[web/images/loading.gif]
[web/images/fa-solid-900.svg]
[web/images/w-logo-blue7a53.png]
[web/index-60.html]
[web/index-40.html]
[web/index-42.html]
[web/index-45.html]
[web/images/embed0cda.json]
[web/index-50.html]
[web/index153d.html]
[web/images/wordpress-logo7d6b.svg]
[web/index-61.html]
[web/index94b0.html]
[web/images/embed6799.json]
[web/index-62.html]
[web/index-62.html]
[web/index-14.html]
[web/index-63.html]
